2026-05-08 19:33:13 [INFO] chat_api.py:102 - ChatAPI.get_im_credentials: status=200, url=https://im.chaoxing.com/webim/me, len=47101
2026-05-08 19:33:13 [INFO] chat_api.py:142 - ChatAPI.get_im_credentials: 提取到字段=['tuid', 'puid', 'fid', 'token']
2026-05-08 19:33:13 [DEBUG] chat_api.py:148 -   JS变量行: id="myToken" style="display: none;">YWMttOhRDErREfGWu4UILlUHMKKlE4D-6RHksYgJxSsb8jK-QidazZAR5o5I2d3GR6bkAwMAAAGeB10D3jht7ECiGciz1oI9s0WPY2qhuBzbsrEvuBIZ_ToaQqTBQq5V6w</span><span
2026-05-08 19:33:13 [DEBUG] chat_api.py:148 -   JS变量行: id="myTuid" style="display: none;">25278974</span><span
2026-05-08 19:33:13 [DEBUG] chat_api.py:148 -   JS变量行: id="myPuid" style="display: none;">30047383</span> <span
2026-05-08 19:33:13 [DEBUG] chat_api.py:148 -   JS变量行: id="myFid" style="display: none;">4311</span>
2026-05-08 19:33:13 [DEBUG] chat_api.py:148 -   JS变量行: forwordSerch(1, "selfDeptSearch", "selfDeptSearchPop", "selfDeptSearchResult", "selfDeptSearchPopList","selfContackA",true,myTuid+'',"byuid","");
2026-05-08 19:33:13 [INFO] chat_api.py:164 - ChatAPI.get_im_credentials: 成功 tuid=25278974, puid=30047383
2026-05-08 19:33:13 [INFO] chat_api.py:102 - ChatAPI.get_im_credentials: status=200, url=https://im.chaoxing.com/webim/me, len=47101
2026-05-08 19:33:13 [INFO] chat_api.py:142 - ChatAPI.get_im_credentials: 提取到字段=['tuid', 'puid', 'fid', 'token']
2026-05-08 19:33:13 [DEBUG] chat_api.py:148 -   JS变量行: id="myToken" style="display: none;">YWMttOrc4krREfGUHPOBGQcuc6KlE4D-6RHksYgJxSsb8jK-QidazZAR5o5I2d3GR6bkAwMAAAGeB10D7jht7EBUaSbOXmDn9DxUyUibLAcVhw1yU4dlPar7nDI0JUeiEQ</span><span
2026-05-08 19:33:13 [DEBUG] chat_api.py:148 -   JS变量行: id="myTuid" style="display: none;">25278974</span><span
2026-05-08 19:33:13 [DEBUG] chat_api.py:148 -   JS变量行: id="myPuid" style="display: none;">30047383</span> <span
2026-05-08 19:33:13 [DEBUG] chat_api.py:148 -   JS变量行: id="myFid" style="display: none;">4311</span>
2026-05-08 19:33:13 [DEBUG] chat_api.py:148 -   JS变量行: forwordSerch(1, "selfDeptSearch", "selfDeptSearchPop", "selfDeptSearchResult", "selfDeptSearchPopList","selfContackA",true,myTuid+'',"byuid","");
2026-05-08 19:33:13 [INFO] chat_api.py:164 - ChatAPI.get_im_credentials: 成功 tuid=25278974, puid=30047383
2026-05-08 19:33:13 [INFO] chat_api.py:331 - ChatAPI.get_message_list: status=200, len=10084
2026-05-08 19:33:13 [INFO] chat_api.py:338 - ChatAPI.get_message_list: status=success, data_count=30
2026-05-08 19:33:15 [INFO] msync_client.py:434 - MSync: connecting to https://im-api-vip6-v2.easecdn.com/ws/883/t02hq6wo/websocket
2026-05-08 19:33:20 [INFO] chat_api.py:264 - ChatAPI._add_message_history: status=200
